Archive member included to satisfy reference by file (symbol)

c:/st/stm32cubeide_1.8.0/stm32cubeide/plugins/com.st.stm32cube.ide.mcu.externaltools.gnu-tools-for-stm32.9-2020-q2-update.win32_2.0.0.202105311346/tools/bin/../lib/gcc/arm-none-eabi/9.3.1/../../../../arm-none-eabi/lib/thumb/v7e-m+fp/hard\libc_nano.a(lib_a-errno.o)
                              ./Core/Src/syscalls.o (__errno)
c:/st/stm32cubeide_1.8.0/stm32cubeide/plugins/com.st.stm32cube.ide.mcu.externaltools.gnu-tools-for-stm32.9-2020-q2-update.win32_2.0.0.202105311346/tools/bin/../lib/gcc/arm-none-eabi/9.3.1/../../../../arm-none-eabi/lib/thumb/v7e-m+fp/hard\libc_nano.a(lib_a-exit.o)
                              c:/st/stm32cubeide_1.8.0/stm32cubeide/plugins/com.st.stm32cube.ide.mcu.externaltools.gnu-tools-for-stm32.9-2020-q2-update.win32_2.0.0.202105311346/tools/bin/../lib/gcc/arm-none-eabi/9.3.1/../../../../arm-none-eabi/lib/thumb/v7e-m+fp/hard/crt0.o (exit)
c:/st/stm32cubeide_1.8.0/stm32cubeide/plugins/com.st.stm32cube.ide.mcu.externaltools.gnu-tools-for-stm32.9-2020-q2-update.win32_2.0.0.202105311346/tools/bin/../lib/gcc/arm-none-eabi/9.3.1/../../../../arm-none-eabi/lib/thumb/v7e-m+fp/hard\libc_nano.a(lib_a-impure.o)
                              c:/st/stm32cubeide_1.8.0/stm32cubeide/plugins/com.st.stm32cube.ide.mcu.externaltools.gnu-tools-for-stm32.9-2020-q2-update.win32_2.0.0.202105311346/tools/bin/../lib/gcc/arm-none-eabi/9.3.1/../../../../arm-none-eabi/lib/thumb/v7e-m+fp/hard\libc_nano.a(lib_a-exit.o) (_global_impure_ptr)
c:/st/stm32cubeide_1.8.0/stm32cubeide/plugins/com.st.stm32cube.ide.mcu.externaltools.gnu-tools-for-stm32.9-2020-q2-update.win32_2.0.0.202105311346/tools/bin/../lib/gcc/arm-none-eabi/9.3.1/../../../../arm-none-eabi/lib/thumb/v7e-m+fp/hard\libc_nano.a(lib_a-init.o)
                              c:/st/stm32cubeide_1.8.0/stm32cubeide/plugins/com.st.stm32cube.ide.mcu.externaltools.gnu-tools-for-stm32.9-2020-q2-update.win32_2.0.0.202105311346/tools/bin/../lib/gcc/arm-none-eabi/9.3.1/../../../../arm-none-eabi/lib/thumb/v7e-m+fp/hard/crt0.o (__libc_init_array)
c:/st/stm32cubeide_1.8.0/stm32cubeide/plugins/com.st.stm32cube.ide.mcu.externaltools.gnu-tools-for-stm32.9-2020-q2-update.win32_2.0.0.202105311346/tools/bin/../lib/gcc/arm-none-eabi/9.3.1/../../../../arm-none-eabi/lib/thumb/v7e-m+fp/hard\libc_nano.a(lib_a-memset.o)
                              c:/st/stm32cubeide_1.8.0/stm32cubeide/plugins/com.st.stm32cube.ide.mcu.externaltools.gnu-tools-for-stm32.9-2020-q2-update.win32_2.0.0.202105311346/tools/bin/../lib/gcc/arm-none-eabi/9.3.1/../../../../arm-none-eabi/lib/thumb/v7e-m+fp/hard/crt0.o (memset)
c:/st/stm32cubeide_1.8.0/stm32cubeide/plugins/com.st.stm32cube.ide.mcu.externaltools.gnu-tools-for-stm32.9-2020-q2-update.win32_2.0.0.202105311346/tools/bin/../lib/gcc/arm-none-eabi/9.3.1/thumb/v7e-m+fp/hard\libgcc.a(_aeabi_uldivmod.o)
                              ./Drivers/STM32F4xx_HAL_Driver/Src/stm32f4xx_hal_rcc.o (__aeabi_uldivmod)
c:/st/stm32cubeide_1.8.0/stm32cubeide/plugins/com.st.stm32cube.ide.mcu.externaltools.gnu-tools-for-stm32.9-2020-q2-update.win32_2.0.0.202105311346/tools/bin/../lib/gcc/arm-none-eabi/9.3.1/thumb/v7e-m+fp/hard\libgcc.a(_udivmoddi4.o)
                              c:/st/stm32cubeide_1.8.0/stm32cubeide/plugins/com.st.stm32cube.ide.mcu.externaltools.gnu-tools-for-stm32.9-2020-q2-update.win32_2.0.0.202105311346/tools/bin/../lib/gcc/arm-none-eabi/9.3.1/thumb/v7e-m+fp/hard\libgcc.a(_aeabi_uldivmod.o) (__udivmoddi4)
c:/st/stm32cubeide_1.8.0/stm32cubeide/plugins/com.st.stm32cube.ide.mcu.externaltools.gnu-tools-for-stm32.9-2020-q2-update.win32_2.0.0.202105311346/tools/bin/../lib/gcc/arm-none-eabi/9.3.1/thumb/v7e-m+fp/hard\libgcc.a(_dvmd_tls.o)
                              c:/st/stm32cubeide_1.8.0/stm32cubeide/plugins/com.st.stm32cube.ide.mcu.externaltools.gnu-tools-for-stm32.9-2020-q2-update.win32_2.0.0.202105311346/tools/bin/../lib/gcc/arm-none-eabi/9.3.1/thumb/v7e-m+fp/hard\libgcc.a(_aeabi_uldivmod.o) (__aeabi_ldiv0)

Allocating common symbols
Common symbol       size              file

USERPath            0x4               ./FATFS/App/fatfs.o
hspi2               0x58              ./Core/Src/main.o
uwTick              0x4               ./Drivers/STM32F4xx_HAL_Driver/Src/stm32f4xx_hal.o
pFlash              0x20              ./Drivers/STM32F4xx_HAL_Driver/Src/stm32f4xx_hal_flash.o
retUSER             0x1               ./FATFS/App/fatfs.o
huart2              0x44              ./Core/Src/main.o
USERFile            0x230             ./FATFS/App/fatfs.o
USERFatFS           0x230             ./FATFS/App/fatfs.o

Discarded input sections

 .text          0x0000000000000000        0x0 c:/st/stm32cubeide_1.8.0/stm32cubeide/plugins/com.st.stm32cube.ide.mcu.externaltools.gnu-tools-for-stm32.9-2020-q2-update.win32_2.0.0.202105311346/tools/bin/../lib/gcc/arm-none-eabi/9.3.1/thumb/v7e-m+fp/hard/crti.o
[...]
Memory Configuration

Name             Origin             Length             Attributes
RAM              0x0000000020000000 0x0000000000018000 xrw
FLASH            0x0000000008000000 0x0000000000080000 xr
*default*        0x0000000000000000 0xffffffffffffffff

Linker script and memory map

LOAD c:/st/stm32cubeide_1.8.0/stm32cubeide/plugins/com.st.stm32cube.ide.mcu.externaltools.gnu-tools-for-stm32.9-2020-q2-update.win32_2.0.0.202105311346/tools/bin/../lib/gcc/arm-none-eabi/9.3.1/thumb/v7e-m+fp/hard/crti.o
LOAD c:/st/stm32cubeide_1.8.0/stm32cubeide/plugins/com.st.stm32cube.ide.mcu.externaltools.gnu-tools-for-stm32.9-2020-q2-update.win32_2.0.0.202105311346/tools/bin/../lib/gcc/arm-none-eabi/9.3.1/thumb/v7e-m+fp/hard/crtbegin.o
LOAD c:/st/stm32cubeide_1.8.0/stm32cubeide/plugins/com.st.stm32cube.ide.mcu.externaltools.gnu-tools-for-stm32.9-2020-q2-update.win32_2.0.0.202105311346/tools/bin/../lib/gcc/arm-none-eabi/9.3.1/../../../../arm-none-eabi/lib/thumb/v7e-m+fp/hard/crt0.o
LOAD ./Core/Src/main.o
LOAD ./Core/Src/stm32f4xx_hal_msp.o
LOAD ./Core/Src/stm32f4xx_it.o
LOAD ./Core/Src/syscalls.o
LOAD ./Core/Src/sysmem.o
LOAD ./Core/Src/system_stm32f4xx.o
LOAD ./Core/Startup/startup_stm32f401retx.o
LOAD ./Drivers/STM32F4xx_HAL_Driver/Src/stm32f4xx_hal.o
LOAD ./Drivers/STM32F4xx_HAL_Driver/Src/stm32f4xx_hal_cortex.o
LOAD ./Drivers/STM32F4xx_HAL_Driver/Src/stm32f4xx_hal_dma.o
LOAD ./Drivers/STM32F4xx_HAL_Driver/Src/stm32f4xx_hal_dma_ex.o
LOAD ./Drivers/STM32F4xx_HAL_Driver/Src/stm32f4xx_hal_exti.o
LOAD ./Drivers/STM32F4xx_HAL_Driver/Src/stm32f4xx_hal_flash.o
LOAD ./Drivers/STM32F4xx_HAL_Driver/Src/stm32f4xx_hal_flash_ex.o
LOAD ./Drivers/STM32F4xx_HAL_Driver/Src/stm32f4xx_hal_flash_ramfunc.o
LOAD ./Drivers/STM32F4xx_HAL_Driver/Src/stm32f4xx_hal_gpio.o
LOAD ./Drivers/STM32F4xx_HAL_Driver/Src/stm32f4xx_hal_pwr.o
LOAD ./Drivers/STM32F4xx_HAL_Driver/Src/stm32f4xx_hal_pwr_ex.o
LOAD ./Drivers/STM32F4xx_HAL_Driver/Src/stm32f4xx_hal_rcc.o
LOAD ./Drivers/STM32F4xx_HAL_Driver/Src/stm32f4xx_hal_rcc_ex.o
LOAD ./Drivers/STM32F4xx_HAL_Driver/Src/stm32f4xx_hal_spi.o
LOAD ./Drivers/STM32F4xx_HAL_Driver/Src/stm32f4xx_hal_tim.o
LOAD ./Drivers/STM32F4xx_HAL_Driver/Src/stm32f4xx_hal_tim_ex.o
LOAD ./Drivers/STM32F4xx_HAL_Driver/Src/stm32f4xx_hal_uart.o
LOAD ./FATFS/App/fatfs.o
LOAD ./FATFS/Target/user_diskio.o
LOAD ./Middlewares/Third_Party/FatFs/src/diskio.o
LOAD ./Middlewares/Third_Party/FatFs/src/ff.o
LOAD ./Middlewares/Third_Party/FatFs/src/ff_gen_drv.o
LOAD ./Middlewares/Third_Party/FatFs/src/option/syscall.o
START GROUP
LOAD c:/st/stm32cubeide_1.8.0/stm32cubeide/plugins/com.st.stm32cube.ide.mcu.externaltools.gnu-tools-for-stm32.9-2020-q2-update.win32_2.0.0.202105311346/tools/bin/../lib/gcc/arm-none-eabi/9.3.1/../../../../arm-none-eabi/lib/thumb/v7e-m+fp/hard\libc_nano.a
LOAD c:/st/stm32cubeide_1.8.0/stm32cubeide/plugins/com.st.stm32cube.ide.mcu.externaltools.gnu-tools-for-stm32.9-2020-q2-update.win32_2.0.0.202105311346/tools/bin/../lib/gcc/arm-none-eabi/9.3.1/../../../../arm-none-eabi/lib/thumb/v7e-m+fp/hard\libm.a
END GROUP
START GROUP
LOAD c:/st/stm32cubeide_1.8.0/stm32cubeide/plugins/com.st.stm32cube.ide.mcu.externaltools.gnu-tools-for-stm32.9-2020-q2-update.win32_2.0.0.202105311346/tools/bin/../lib/gcc/arm-none-eabi/9.3.1/thumb/v7e-m+fp/hard\libgcc.a
LOAD c:/st/stm32cubeide_1.8.0/stm32cubeide/plugins/com.st.stm32cube.ide.mcu.externaltools.gnu-tools-for-stm32.9-2020-q2-update.win32_2.0.0.202105311346/tools/bin/../lib/gcc/arm-none-eabi/9.3.1/../../../../arm-none-eabi/lib/thumb/v7e-m+fp/hard\libc_nano.a
END GROUP
START GROUP
LOAD c:/st/stm32cubeide_1.8.0/stm32cubeide/plugins/com.st.stm32cube.ide.mcu.externaltools.gnu-tools-for-stm32.9-2020-q2-update.win32_2.0.0.202105311346/tools/bin/../lib/gcc/arm-none-eabi/9.3.1/thumb/v7e-m+fp/hard\libgcc.a
LOAD c:/st/stm32cubeide_1.8.0/stm32cubeide/plugins/com.st.stm32cube.ide.mcu.externaltools.gnu-tools-for-stm32.9-2020-q2-update.win32_2.0.0.202105311346/tools/bin/../lib/gcc/arm-none-eabi/9.3.1/../../../../arm-none-eabi/lib/thumb/v7e-m+fp/hard\libc_nano.a
LOAD c:/st/stm32cubeide_1.8.0/stm32cubeide/plugins/com.st.stm32cube.ide.mcu.externaltools.gnu-tools-for-stm32.9-2020-q2-update.win32_2.0.0.202105311346/tools/bin/../lib/gcc/arm-none-eabi/9.3.1/../../../../arm-none-eabi/lib/thumb/v7e-m+fp/hard\libnosys.a
END GROUP
START GROUP
LOAD c:/st/stm32cubeide_1.8.0/stm32cubeide/plugins/com.st.stm32cube.ide.mcu.externaltools.gnu-tools-for-stm32.9-2020-q2-update.win32_2.0.0.202105311346/tools/bin/../lib/gcc/arm-none-eabi/9.3.1/thumb/v7e-m+fp/hard\libgcc.a
LOAD c:/st/stm32cubeide_1.8.0/stm32cubeide/plugins/com.st.stm32cube.ide.mcu.externaltools.gnu-tools-for-stm32.9-2020-q2-update.win32_2.0.0.202105311346/tools/bin/../lib/gcc/arm-none-eabi/9.3.1/../../../../arm-none-eabi/lib/thumb/v7e-m+fp/hard\libc_nano.a
LOAD c:/st/stm32cubeide_1.8.0/stm32cubeide/plugins/com.st.stm32cube.ide.mcu.externaltools.gnu-tools-for-stm32.9-2020-q2-update.win32_2.0.0.202105311346/tools/bin/../lib/gcc/arm-none-eabi/9.3.1/../../../../arm-none-eabi/lib/thumb/v7e-m+fp/hard\libnosys.a
END GROUP
LOAD c:/st/stm32cubeide_1.8.0/stm32cubeide/plugins/com.st.stm32cube.ide.mcu.externaltools.gnu-tools-for-stm32.9-2020-q2-update.win32_2.0.0.202105311346/tools/bin/../lib/gcc/arm-none-eabi/9.3.1/thumb/v7e-m+fp/hard/crtend.o
LOAD c:/st/stm32cubeide_1.8.0/stm32cubeide/plugins/com.st.stm32cube.ide.mcu.externaltools.gnu-tools-for-stm32.9-2020-q2-update.win32_2.0.0.202105311346/tools/bin/../lib/gcc/arm-none-eabi/9.3.1/thumb/v7e-m+fp/hard/crtn.o
                0x0000000020018000                _estack = (ORIGIN (RAM) + LENGTH (RAM))
                0x0000000000000200                _Min_Heap_Size = 0x200
                0x0000000000000400                _Min_Stack_Size = 0x400

.isr_vector     0x0000000008000000      0x194
                0x0000000008000000                . = ALIGN (0x4)
 *(.isr_vector)
 .isr_vector    0x0000000008000000      0x194 ./Core/Startup/startup_stm32f401retx.o
                0x0000000008000000                g_pfnVectors
                0x0000000008000194                . = ALIGN (0x4)

.text           0x0000000008000194     0x1e60
                0x0000000008000194                . = ALIGN (0x4)
 *(.text)
 .text          0x0000000008000194       0x40 c:/st/stm32cubeide_1.8.0/stm32cubeide/plugins/com.st.stm32cube.ide.mcu.externaltools.gnu-tools-for-stm32.9-2020-q2-update.win32_2.0.0.202105311346/tools/bin/../lib/gcc/arm-none-eabi/9.3.1/thumb/v7e-m+fp/hard/crtbegin.o
 .text          0x00000000080001d4       0x30 c:/st/stm32cubeide_1.8.0/stm32cubeide/plugins/com.st.stm32cube.ide.mcu.externaltools.gnu-tools-for-stm32.9-2020-q2-update.win32_2.0.0.202105311346/tools/bin/../lib/gcc/arm-none-eabi/9.3.1/thumb/v7e-m+fp/hard\libgcc.a(_aeabi_uldivmod.o)
                0x00000000080001d4                __aeabi_uldivmod
 .text          0x0000000008000204      0x2c4 c:/st/stm32cubeide_1.8.0/stm32cubeide/plugins/com.st.stm32cube.ide.mcu.externaltools.gnu-tools-for-stm32.9-2020-q2-update.win32_2.0.0.202105311346/tools/bin/../lib/gcc/arm-none-eabi/9.3.1/thumb/v7e-m+fp/hard\libgcc.a(_udivmoddi4.o)
                0x0000000008000204                __udivmoddi4
 .text          0x00000000080004c8        0x4 c:/st/stm32cubeide_1.8.0/stm32cubeide/plugins/com.st.stm32cube.ide.mcu.externaltools.gnu-tools-for-stm32.9-2020-q2-update.win32_2.0.0.202105311346/tools/bin/../lib/gcc/arm-none-eabi/9.3.1/thumb/v7e-m+fp/hard\libgcc.a(_dvmd_tls.o)
                0x00000000080004c8                __aeabi_idiv0
                0x00000000080004c8                __aeabi_ldiv0
 *(.text*)
 .text.main     0x00000000080004cc       0x1e ./Core/Src/main.o
                0x00000000080004cc                main
 *fill*         0x00000000080004ea        0x2 
 .text.SystemClock_Config
                0x00000000080004ec       0xd8 ./Core/Src/main.o
                0x00000000080004ec                SystemClock_Config
 .text.MX_SPI2_Init
                0x00000000080005c4       0x6c ./Core/Src/main.o
 .text.MX_USART2_UART_Init
                0x0000000008000630       0x54 ./Core/Src/main.o
 .text.MX_GPIO_Init
                0x0000000008000684       0xdc ./Core/Src/main.o
 .text.Error_Handler
                0x0000000008000760        0xa ./Core/Src/main.o
                0x0000000008000760                Error_Handler
 *fill*         0x000000000800076a        0x2 
 .text.HAL_MspInit
                0x000000000800076c       0x50 ./Core/Src/stm32f4xx_hal_msp.o
                0x000000000800076c                HAL_MspInit
 .text.HAL_SPI_MspInit
                0x00000000080007bc       0xd0 ./Core/Src/stm32f4xx_hal_msp.o
                0x00000000080007bc                HAL_SPI_MspInit
 .text.HAL_UART_MspInit
                0x000000000800088c       0x90 ./Core/Src/stm32f4xx_hal_msp.o
                0x000000000800088c                HAL_UART_MspInit
 .text.NMI_Handler
                0x000000000800091c        0x6 ./Core/Src/stm32f4xx_it.o
                0x000000000800091c                NMI_Handler
 .text.HardFault_Handler
                0x0000000008000922        0x6 ./Core/Src/stm32f4xx_it.o
                0x0000000008000922                HardFault_Handler
 .text.MemManage_Handler
                0x0000000008000928        0x6 ./Core/Src/stm32f4xx_it.o
                0x0000000008000928                MemManage_Handler
 .text.BusFault_Handler
                0x000000000800092e        0x6 ./Core/Src/stm32f4xx_it.o
                0x000000000800092e                BusFault_Handler
 .text.UsageFault_Handler
                0x0000000008000934        0x6 ./Core/Src/stm32f4xx_it.o
                0x0000000008000934                UsageFault_Handler
 .text.SVC_Handler
                0x000000000800093a        0xe ./Core/Src/stm32f4xx_it.o
                0x000000000800093a                SVC_Handler
 .text.DebugMon_Handler
                0x0000000008000948        0xe ./Core/Src/stm32f4xx_it.o
                0x0000000008000948                DebugMon_Handler
 .text.PendSV_Handler
                0x0000000008000956        0xe ./Core/Src/stm32f4xx_it.o
                0x0000000008000956                PendSV_Handler
 .text.SysTick_Handler
                0x0000000008000964        0xc ./Core/Src/stm32f4xx_it.o
                0x0000000008000964                SysTick_Handler
 .text.SystemInit
                0x0000000008000970       0x24 ./Core/Src/system_stm32f4xx.o
                0x0000000008000970                SystemInit
 .text.Reset_Handler
                0x0000000008000994       0x50 ./Core/Startup/startup_stm32f401retx.o
                0x0000000008000994                Reset_Handler
 .text.Default_Handler
                0x00000000080009e4        0x2 ./Core/Startup/startup_stm32f401retx.o
                0x00000000080009e4                RTC_Alarm_IRQHandler
                0x00000000080009e4                EXTI2_IRQHandler
                0x00000000080009e4                SPI4_IRQHandler
                0x00000000080009e4                TIM1_CC_IRQHandler
                0x00000000080009e4                DMA2_Stream5_IRQHandler
                0x00000000080009e4                DMA1_Stream5_IRQHandler
                0x00000000080009e4                PVD_IRQHandler
                0x00000000080009e4                SDIO_IRQHandler
                0x00000000080009e4                TAMP_STAMP_IRQHandler
                0x00000000080009e4                EXTI3_IRQHandler
                0x00000000080009e4                TIM1_UP_TIM10_IRQHandler
                0x00000000080009e4                I2C3_ER_IRQHandler
                0x00000000080009e4                EXTI0_IRQHandler
                0x00000000080009e4                I2C2_EV_IRQHandler
                0x00000000080009e4                DMA1_Stream2_IRQHandler
                0x00000000080009e4                FPU_IRQHandler
                0x00000000080009e4                DMA2_Stream2_IRQHandler
                0x00000000080009e4                SPI1_IRQHandler
                0x00000000080009e4                TIM1_BRK_TIM9_IRQHandler
                0x00000000080009e4                DMA2_Stream3_IRQHandler
                0x00000000080009e4                USART6_IRQHandler
                0x00000000080009e4                DMA2_Stream0_IRQHandler
                0x00000000080009e4                TIM4_IRQHandler
                0x00000000080009e4                I2C1_EV_IRQHandler
                0x00000000080009e4                DMA1_Stream6_IRQHandler
                0x00000000080009e4                DMA1_Stream1_IRQHandler
                0x00000000080009e4                TIM3_IRQHandler
                0x00000000080009e4                RCC_IRQHandler
                0x00000000080009e4                Default_Handler
                0x00000000080009e4                EXTI15_10_IRQHandler
                0x00000000080009e4                ADC_IRQHandler
                0x00000000080009e4                DMA1_Stream7_IRQHandler
                0x00000000080009e4                TIM5_IRQHandler
                0x00000000080009e4                DMA2_Stream7_IRQHandler
                0x00000000080009e4                I2C3_EV_IRQHandler
                0x00000000080009e4                EXTI9_5_IRQHandler
                0x00000000080009e4                RTC_WKUP_IRQHandler
                0x00000000080009e4                SPI2_IRQHandler
                0x00000000080009e4                DMA1_Stream0_IRQHandler
                0x00000000080009e4                EXTI4_IRQHandler
                0x00000000080009e4                WWDG_IRQHandler
                0x00000000080009e4                TIM2_IRQHandler
                0x00000000080009e4                OTG_FS_WKUP_IRQHandler
                0x00000000080009e4                TIM1_TRG_COM_TIM11_IRQHandler
                0x00000000080009e4                EXTI1_IRQHandler
                0x00000000080009e4                USART2_IRQHandler
                0x00000000080009e4                I2C2_ER_IRQHandler
                0x00000000080009e4                DMA2_Stream1_IRQHandler
                0x00000000080009e4                FLASH_IRQHandler
                0x00000000080009e4                DMA2_Stream4_IRQHandler
                0x00000000080009e4                USART1_IRQHandler
                0x00000000080009e4                OTG_FS_IRQHandler
                0x00000000080009e4                SPI3_IRQHandler
                0x00000000080009e4                DMA1_Stream4_IRQHandler
                0x00000000080009e4                I2C1_ER_IRQHandler
                0x00000000080009e4                DMA2_Stream6_IRQHandler
                0x00000000080009e4                DMA1_Stream3_IRQHandler
 *fill*         0x00000000080009e6        0x2 
 .text.HAL_Init
                0x00000000080009e8       0x44 ./Drivers/STM32F4xx_HAL_Driver/Src/stm32f4xx_hal.o
                0x00000000080009e8                HAL_Init
 .text.HAL_InitTick
                0x0000000008000a2c       0x60 ./Drivers/STM32F4xx_HAL_Driver/Src/stm32f4xx_hal.o
                0x0000000008000a2c                HAL_InitTick
 .text.HAL_IncTick
                0x0000000008000a8c       0x28 ./Drivers/STM32F4xx_HAL_Driver/Src/stm32f4xx_hal.o
                0x0000000008000a8c                HAL_IncTick
 .text.HAL_GetTick
                0x0000000008000ab4       0x18 ./Drivers/STM32F4xx_HAL_Driver/Src/stm32f4xx_hal.o
                0x0000000008000ab4                HAL_GetTick
 .text.__NVIC_SetPriorityGrouping
                0x0000000008000acc       0x48 ./Drivers/STM32F4xx_HAL_Driver/Src/stm32f4xx_hal_cortex.o
 .text.__NVIC_GetPriorityGrouping
                0x0000000008000b14       0x1c ./Drivers/STM32F4xx_HAL_Driver/Src/stm32f4xx_hal_cortex.o
 .text.__NVIC_SetPriority
                0x0000000008000b30       0x54 ./Drivers/STM32F4xx_HAL_Driver/Src/stm32f4xx_hal_cortex.o
 .text.NVIC_EncodePriority
                0x0000000008000b84       0x66 ./Drivers/STM32F4xx_HAL_Driver/Src/stm32f4xx_hal_cortex.o
 *fill*         0x0000000008000bea        0x2 
 .text.SysTick_Config
                0x0000000008000bec       0x44 ./Drivers/STM32F4xx_HAL_Driver/Src/stm32f4xx_hal_cortex.o
 .text.HAL_NVIC_SetPriorityGrouping
                0x0000000008000c30       0x16 ./Drivers/STM32F4xx_HAL_Driver/Src/stm32f4xx_hal_cortex.o
                0x0000000008000c30                HAL_NVIC_SetPriorityGrouping
 .text.HAL_NVIC_SetPriority
                0x0000000008000c46       0x38 ./Drivers/STM32F4xx_HAL_Driver/Src/stm32f4xx_hal_cortex.o
                0x0000000008000c46                HAL_NVIC_SetPriority
 .text.HAL_SYSTICK_Config
                0x0000000008000c7e       0x18 ./Drivers/STM32F4xx_HAL_Driver/Src/stm32f4xx_hal_cortex.o
                0x0000000008000c7e                HAL_SYSTICK_Config
 *fill*         0x0000000008000c96        0x2 
 .text.HAL_GPIO_Init
                0x0000000008000c98      0x308 ./Drivers/STM32F4xx_HAL_Driver/Src/stm32f4xx_hal_gpio.o
                0x0000000008000c98                HAL_GPIO_Init
 .text.HAL_GPIO_WritePin
                0x0000000008000fa0       0x32 ./Drivers/STM32F4xx_HAL_Driver/Src/stm32f4xx_hal_gpio.o
                0x0000000008000fa0                HAL_GPIO_WritePin
 *fill*         0x0000000008000fd2        0x2 
 .text.HAL_RCC_OscConfig
                0x0000000008000fd4      0x4f0 ./Drivers/STM32F4xx_HAL_Driver/Src/stm32f4xx_hal_rcc.o
                0x0000000008000fd4                HAL_RCC_OscConfig
 .text.HAL_RCC_ClockConfig
                0x00000000080014c4      0x1cc ./Drivers/STM32F4xx_HAL_Driver/Src/stm32f4xx_hal_rcc.o
                0x00000000080014c4                HAL_RCC_ClockConfig
 .text.HAL_RCC_GetSysClockFreq
                0x0000000008001690      0x1c4 ./Drivers/STM32F4xx_HAL_Driver/Src/stm32f4xx_hal_rcc.o
                0x0000000008001690                HAL_RCC_GetSysClockFreq
 .text.HAL_RCC_GetHCLKFreq
                0x0000000008001854       0x18 ./Drivers/STM32F4xx_HAL_Driver/Src/stm32f4xx_hal_rcc.o
                0x0000000008001854                HAL_RCC_GetHCLKFreq
 .text.HAL_RCC_GetPCLK1Freq
                0x000000000800186c       0x28 ./Drivers/STM32F4xx_HAL_Driver/Src/stm32f4xx_hal_rcc.o
                0x000000000800186c                HAL_RCC_GetPCLK1Freq
 .text.HAL_RCC_GetPCLK2Freq
                0x0000000008001894       0x28 ./Drivers/STM32F4xx_HAL_Driver/Src/stm32f4xx_hal_rcc.o
                0x0000000008001894                HAL_RCC_GetPCLK2Freq
 .text.HAL_SPI_Init
                0x00000000080018bc      0x112 ./Drivers/STM32F4xx_HAL_Driver/Src/stm32f4xx_hal_spi.o
                0x00000000080018bc                HAL_SPI_Init
 .text.HAL_UART_Init
                0x00000000080019ce       0x9a ./Drivers/STM32F4xx_HAL_Driver/Src/stm32f4xx_hal_uart.o
                0x00000000080019ce                HAL_UART_Init
 .text.UART_SetConfig
                0x0000000008001a68      0x390 ./Drivers/STM32F4xx_HAL_Driver/Src/stm32f4xx_hal_uart.o
 .text.MX_FATFS_Init
                0x0000000008001df8       0x24 ./FATFS/App/fatfs.o
                0x0000000008001df8                MX_FATFS_Init
 .text.USER_initialize
                0x0000000008001e1c       0x28 ./FATFS/Target/user_diskio.o
                0x0000000008001e1c                USER_initialize
 .text.USER_status
                0x0000000008001e44       0x28 ./FATFS/Target/user_diskio.o
                0x0000000008001e44                USER_status
 .text.USER_read
                0x0000000008001e6c       0x1e ./FATFS/Target/user_diskio.o
                0x0000000008001e6c                USER_read
 .text.USER_write
                0x0000000008001e8a       0x1e ./FATFS/Target/user_diskio.o
                0x0000000008001e8a                USER_write
 .text.USER_ioctl
                0x0000000008001ea8       0x22 ./FATFS/Target/user_diskio.o
                0x0000000008001ea8                USER_ioctl
 *fill*         0x0000000008001eca        0x2 
 .text.FATFS_LinkDriverEx
                0x0000000008001ecc       0x98 ./Middlewares/Third_Party/FatFs/src/ff_gen_drv.o
                0x0000000008001ecc                FATFS_LinkDriverEx
 .text.FATFS_LinkDriver
                0x0000000008001f64       0x1e ./Middlewares/Third_Party/FatFs/src/ff_gen_drv.o
                0x0000000008001f64                FATFS_LinkDriver
 *fill*         0x0000000008001f82        0x2 
 .text.__libc_init_array
                0x0000000008001f84       0x48 c:/st/stm32cubeide_1.8.0/stm32cubeide/plugins/com.st.stm32cube.ide.mcu.externaltools.gnu-tools-for-stm32.9-2020-q2-update.win32_2.0.0.202105311346/tools/bin/../lib/gcc/arm-none-eabi/9.3.1/../../../../arm-none-eabi/lib/thumb/v7e-m+fp/hard\libc_nano.a(lib_a-init.o)
                0x0000000008001f84                __libc_init_array
 .text.memset   0x0000000008001fcc       0x10 c:/st/stm32cubeide_1.8.0/stm32cubeide/plugins/com.st.stm32cube.ide.mcu.externaltools.gnu-tools-for-stm32.9-2020-q2-update.win32_2.0.0.202105311346/tools/bin/../lib/gcc/arm-none-eabi/9.3.1/../../../../arm-none-eabi/lib/thumb/v7e-m+fp/hard\libc_nano.a(lib_a-memset.o)
                0x0000000008001fcc                memset
 *(.glue_7)
 .glue_7        0x0000000008001fdc        0x0 linker stubs
 *(.glue_7t)
 .glue_7t       0x0000000008001fdc        0x0 linker stubs
 *(.eh_frame)
 .eh_frame      0x0000000008001fdc        0x0 c:/st/stm32cubeide_1.8.0/stm32cubeide/plugins/com.st.stm32cube.ide.mcu.externaltools.gnu-tools-for-stm32.9-2020-q2-update.win32_2.0.0.202105311346/tools/bin/../lib/gcc/arm-none-eabi/9.3.1/thumb/v7e-m+fp/hard/crtbegin.o
 *(.init)
 .init          0x0000000008001fdc        0x4 c:/st/stm32cubeide_1.8.0/stm32cubeide/plugins/com.st.stm32cube.ide.mcu.externaltools.gnu-tools-for-stm32.9-2020-q2-update.win32_2.0.0.202105311346/tools/bin/../lib/gcc/arm-none-eabi/9.3.1/thumb/v7e-m+fp/hard/crti.o
                0x0000000008001fdc                _init
 .init          0x0000000008001fe0        0x8 c:/st/stm32cubeide_1.8.0/stm32cubeide/plugins/com.st.stm32cube.ide.mcu.externaltools.gnu-tools-for-stm32.9-2020-q2-update.win32_2.0.0.202105311346/tools/bin/../lib/gcc/arm-none-eabi/9.3.1/thumb/v7e-m+fp/hard/crtn.o
 *(.fini)
 .fini          0x0000000008001fe8        0x4 c:/st/stm32cubeide_1.8.0/stm32cubeide/plugins/com.st.stm32cube.ide.mcu.externaltools.gnu-tools-for-stm32.9-2020-q2-update.win32_2.0.0.202105311346/tools/bin/../lib/gcc/arm-none-eabi/9.3.1/thumb/v7e-m+fp/hard/crti.o
                0x0000000008001fe8                _fini
 .fini          0x0000000008001fec        0x8 c:/st/stm32cubeide_1.8.0/stm32cubeide/plugins/com.st.stm32cube.ide.mcu.externaltools.gnu-tools-for-stm32.9-2020-q2-update.win32_2.0.0.202105311346/tools/bin/../lib/gcc/arm-none-eabi/9.3.1/thumb/v7e-m+fp/hard/crtn.o
                0x0000000008001ff4                . = ALIGN (0x4)
                0x0000000008001ff4                _etext = .

.vfp11_veneer   0x0000000008001ff4        0x0
 .vfp11_veneer  0x0000000008001ff4        0x0 linker stubs

.v4_bx          0x0000000008001ff4        0x0
 .v4_bx         0x0000000008001ff4        0x0 linker stubs

.iplt           0x0000000008001ff4        0x0
 .iplt          0x0000000008001ff4        0x0 c:/st/stm32cubeide_1.8.0/stm32cubeide/plugins/com.st.stm32cube.ide.mcu.externaltools.gnu-tools-for-stm32.9-2020-q2-update.win32_2.0.0.202105311346/tools/bin/../lib/gcc/arm-none-eabi/9.3.1/thumb/v7e-m+fp/hard/crtbegin.o

.rodata         0x0000000008001ff4       0x18
                0x0000000008001ff4                . = ALIGN (0x4)
 *(.rodata)
 *(.rodata*)
 .rodata.AHBPrescTable
                0x0000000008001ff4       0x10 ./Core/Src/system_stm32f4xx.o
                0x0000000008001ff4                AHBPrescTable
 .rodata.APBPrescTable
                0x0000000008002004        0x8 ./Core/Src/system_stm32f4xx.o
                0x0000000008002004                APBPrescTable
                0x000000000800200c                . = ALIGN (0x4)

.ARM.extab      0x000000000800200c        0x0
                0x000000000800200c                . = ALIGN (0x4)
 *(.ARM.extab* .gnu.linkonce.armextab.*)
                0x000000000800200c                . = ALIGN (0x4)

.ARM            0x000000000800200c        0x8
                0x000000000800200c                . = ALIGN (0x4)
                0x000000000800200c                __exidx_start = .
 *(.ARM.exidx*)
 .ARM.exidx     0x000000000800200c        0x8 c:/st/stm32cubeide_1.8.0/stm32cubeide/plugins/com.st.stm32cube.ide.mcu.externaltools.gnu-tools-for-stm32.9-2020-q2-update.win32_2.0.0.202105311346/tools/bin/../lib/gcc/arm-none-eabi/9.3.1/thumb/v7e-m+fp/hard\libgcc.a(_udivmoddi4.o)
                0x0000000008002014                __exidx_end = .
                0x0000000008002014                . = ALIGN (0x4)

.rel.dyn        0x0000000008002014        0x0
 .rel.iplt      0x0000000008002014        0x0 c:/st/stm32cubeide_1.8.0/stm32cubeide/plugins/com.st.stm32cube.ide.mcu.externaltools.gnu-tools-for-stm32.9-2020-q2-update.win32_2.0.0.202105311346/tools/bin/../lib/gcc/arm-none-eabi/9.3.1/thumb/v7e-m+fp/hard/crtbegin.o

.preinit_array  0x0000000008002014        0x0
                0x0000000008002014                . = ALIGN (0x4)
                0x0000000008002014                PROVIDE (__preinit_array_start = .)
 *(.preinit_array*)
                0x0000000008002014                PROVIDE (__preinit_array_end = .)
                0x0000000008002014                . = ALIGN (0x4)

.init_array     0x0000000008002014        0x4
                0x0000000008002014                . = ALIGN (0x4)
                0x0000000008002014                PROVIDE (__init_array_start = .)
 *(SORT_BY_NAME(.init_array.*))
 *(.init_array*)
 .init_array    0x0000000008002014        0x4 c:/st/stm32cubeide_1.8.0/stm32cubeide/plugins/com.st.stm32cube.ide.mcu.externaltools.gnu-tools-for-stm32.9-2020-q2-update.win32_2.0.0.202105311346/tools/bin/../lib/gcc/arm-none-eabi/9.3.1/thumb/v7e-m+fp/hard/crtbegin.o
                0x0000000008002018                PROVIDE (__init_array_end = .)
                0x0000000008002018                . = ALIGN (0x4)

.fini_array     0x0000000008002018        0x4
                0x0000000008002018                . = ALIGN (0x4)
                [!provide]                        PROVIDE (__fini_array_start = .)
 *(SORT_BY_NAME(.fini_array.*))
 *(.fini_array*)
 .fini_array    0x0000000008002018        0x4 c:/st/stm32cubeide_1.8.0/stm32cubeide/plugins/com.st.stm32cube.ide.mcu.externaltools.gnu-tools-for-stm32.9-2020-q2-update.win32_2.0.0.202105311346/tools/bin/../lib/gcc/arm-none-eabi/9.3.1/thumb/v7e-m+fp/hard/crtbegin.o
                [!provide]                        PROVIDE (__fini_array_end = .)
                0x000000000800201c                . = ALIGN (0x4)
                0x000000000800201c                _sidata = LOADADDR (.data)

.data           0x0000000020000000       0x20 load address 0x000000000800201c
                0x0000000020000000                . = ALIGN (0x4)
                0x0000000020000000                _sdata = .
 *(.data)
 *(.data*)
 .data.SystemCoreClock
                0x0000000020000000        0x4 ./Core/Src/system_stm32f4xx.o
                0x0000000020000000                SystemCoreClock
 .data.uwTickPrio
                0x0000000020000004        0x4 ./Drivers/STM32F4xx_HAL_Driver/Src/stm32f4xx_hal.o
                0x0000000020000004                uwTickPrio
 .data.uwTickFreq
                0x0000000020000008        0x1 ./Drivers/STM32F4xx_HAL_Driver/Src/stm32f4xx_hal.o
                0x0000000020000008                uwTickFreq
 .data.Stat     0x0000000020000009        0x1 ./FATFS/Target/user_diskio.o
 *fill*         0x000000002000000a        0x2 
 .data.USER_Driver
                0x000000002000000c       0x14 ./FATFS/Target/user_diskio.o
                0x000000002000000c                USER_Driver
 *(.RamFunc)
 *(.RamFunc*)
                0x0000000020000020                . = ALIGN (0x4)
                0x0000000020000020                _edata = .

.igot.plt       0x0000000020000020        0x0 load address 0x000000000800203c
 .igot.plt      0x0000000020000020        0x0 c:/st/stm32cubeide_1.8.0/stm32cubeide/plugins/com.st.stm32cube.ide.mcu.externaltools.gnu-tools-for-stm32.9-2020-q2-update.win32_2.0.0.202105311346/tools/bin/../lib/gcc/arm-none-eabi/9.3.1/thumb/v7e-m+fp/hard/crtbegin.o
                0x0000000020000020                . = ALIGN (0x4)

.bss            0x0000000020000020      0x530 load address 0x000000000800203c
                0x0000000020000020                _sbss = .
                0x0000000020000020                __bss_start__ = _sbss
 *(.bss)
 .bss           0x0000000020000020       0x1c c:/st/stm32cubeide_1.8.0/stm32cubeide/plugins/com.st.stm32cube.ide.mcu.externaltools.gnu-tools-for-stm32.9-2020-q2-update.win32_2.0.0.202105311346/tools/bin/../lib/gcc/arm-none-eabi/9.3.1/thumb/v7e-m+fp/hard/crtbegin.o
 *(.bss*)
 .bss.disk      0x000000002000003c        0xc ./Middlewares/Third_Party/FatFs/src/ff_gen_drv.o
                0x000000002000003c                disk
 *(COMMON)
 COMMON         0x0000000020000048       0x9c ./Core/Src/main.o
                0x0000000020000048                hspi2
                0x00000000200000a0                huart2
 COMMON         0x00000000200000e4        0x4 ./Drivers/STM32F4xx_HAL_Driver/Src/stm32f4xx_hal.o
                0x00000000200000e4                uwTick
 COMMON         0x00000000200000e8      0x468 ./FATFS/App/fatfs.o
                0x00000000200000e8                USERPath
                0x00000000200000ec                retUSER
                0x00000000200000f0                USERFile
                0x0000000020000320                USERFatFS
                0x0000000020000550                . = ALIGN (0x4)
                0x0000000020000550                _ebss = .
                0x0000000020000550                __bss_end__ = _ebss

._user_heap_stack
                0x0000000020000550      0x600 load address 0x000000000800203c
                0x0000000020000550                . = ALIGN (0x8)
                [!provide]                        PROVIDE (end = .)
                0x0000000020000550                PROVIDE (_end = .)
                0x0000000020000750                . = (. + _Min_Heap_Size)
 *fill*         0x0000000020000550      0x200 
                0x0000000020000b50                . = (. + _Min_Stack_Size)
 *fill*         0x0000000020000750      0x400 
                0x0000000020000b50                . = ALIGN (0x8)

/DISCARD/
 libc.a(*)
 libm.a(*)
 libgcc.a(*)

.ARM.attributes
                0x0000000000000000       0x30
 *(.ARM.attributes)
 .ARM.attributes
                0x0000000000000000       0x1e c:/st/stm32cubeide_1.8.0/stm32cubeide/plugins/com.st.stm32cube.ide.mcu.externaltools.gnu-tools-for-stm32.9-2020-q2-update.win32_2.0.0.202105311346/tools/bin/../lib/gcc/arm-none-eabi/9.3.1/thumb/v7e-m+fp/hard/crti.o
 .ARM.attributes
                0x000000000000001e       0x34 c:/st/stm32cubeide_1.8.0/stm32cubeide/plugins/com.st.stm32cube.ide.mcu.externaltools.gnu-tools-for-stm32.9-2020-q2-update.win32_2.0.0.202105311346/tools/bin/../lib/gcc/arm-none-eabi/9.3.1/thumb/v7e-m+fp/hard/crtbegin.o
 .ARM.attributes
                0x0000000000000052       0x34 ./Core/Src/main.o
 .ARM.attributes
                0x0000000000000086       0x34 ./Core/Src/stm32f4xx_hal_msp.o
 .ARM.attributes
                0x00000000000000ba       0x34 ./Core/Src/stm32f4xx_it.o
 .ARM.attributes
                0x00000000000000ee       0x34 ./Core/Src/system_stm32f4xx.o
 .ARM.attributes
                0x0000000000000122       0x21 ./Core/Startup/startup_stm32f401retx.o
 .ARM.attributes
                0x0000000000000143       0x34 ./Drivers/STM32F4xx_HAL_Driver/Src/stm32f4xx_hal.o
 .ARM.attributes
                0x0000000000000177       0x34 ./Drivers/STM32F4xx_HAL_Driver/Src/stm32f4xx_hal_cortex.o
 .ARM.attributes
                0x00000000000001ab       0x34 ./Drivers/STM32F4xx_HAL_Driver/Src/stm32f4xx_hal_gpio.o
 .ARM.attributes
                0x00000000000001df       0x34 ./Drivers/STM32F4xx_HAL_Driver/Src/stm32f4xx_hal_rcc.o
 .ARM.attributes
                0x0000000000000213       0x34 ./Drivers/STM32F4xx_HAL_Driver/Src/stm32f4xx_hal_spi.o
 .ARM.attributes
                0x0000000000000247       0x34 ./Drivers/STM32F4xx_HAL_Driver/Src/stm32f4xx_hal_uart.o
 .ARM.attributes
                0x000000000000027b       0x34 ./FATFS/App/fatfs.o
 .ARM.attributes
                0x00000000000002af       0x34 ./FATFS/Target/user_diskio.o
 .ARM.attributes
                0x00000000000002e3       0x34 ./Middlewares/Third_Party/FatFs/src/ff_gen_drv.o
 .ARM.attributes
                0x0000000000000317       0x34 c:/st/stm32cubeide_1.8.0/stm32cubeide/plugins/com.st.stm32cube.ide.mcu.externaltools.gnu-tools-for-stm32.9-2020-q2-update.win32_2.0.0.202105311346/tools/bin/../lib/gcc/arm-none-eabi/9.3.1/../../../../arm-none-eabi/lib/thumb/v7e-m+fp/hard\libc_nano.a(lib_a-init.o)
 .ARM.attributes
                0x000000000000034b       0x34 c:/st/stm32cubeide_1.8.0/stm32cubeide/plugins/com.st.stm32cube.ide.mcu.externaltools.gnu-tools-for-stm32.9-2020-q2-update.win32_2.0.0.202105311346/tools/bin/../lib/gcc/arm-none-eabi/9.3.1/../../../../arm-none-eabi/lib/thumb/v7e-m+fp/hard\libc_nano.a(lib_a-memset.o)
 .ARM.attributes
                0x000000000000037f       0x1e c:/st/stm32cubeide_1.8.0/stm32cubeide/plugins/com.st.stm32cube.ide.mcu.externaltools.gnu-tools-for-stm32.9-2020-q2-update.win32_2.0.0.202105311346/tools/bin/../lib/gcc/arm-none-eabi/9.3.1/thumb/v7e-m+fp/hard\libgcc.a(_aeabi_uldivmod.o)
 .ARM.attributes
                0x000000000000039d       0x34 c:/st/stm32cubeide_1.8.0/stm32cubeide/plugins/com.st.stm32cube.ide.mcu.externaltools.gnu-tools-for-stm32.9-2020-q2-update.win32_2.0.0.202105311346/tools/bin/../lib/gcc/arm-none-eabi/9.3.1/thumb/v7e-m+fp/hard\libgcc.a(_udivmoddi4.o)
 .ARM.attributes
                0x00000000000003d1       0x1e c:/st/stm32cubeide_1.8.0/stm32cubeide/plugins/com.st.stm32cube.ide.mcu.externaltools.gnu-tools-for-stm32.9-2020-q2-update.win32_2.0.0.202105311346/tools/bin/../lib/gcc/arm-none-eabi/9.3.1/thumb/v7e-m+fp/hard\libgcc.a(_dvmd_tls.o)
 .ARM.attributes
                0x00000000000003ef       0x1e c:/st/stm32cubeide_1.8.0/stm32cubeide/plugins/com.st.stm32cube.ide.mcu.externaltools.gnu-tools-for-stm32.9-2020-q2-update.win32_2.0.0.202105311346/tools/bin/../lib/gcc/arm-none-eabi/9.3.1/thumb/v7e-m+fp/hard/crtn.o
OUTPUT(SD_card.elf elf32-littlearm)
LOAD linker stubs
LOAD c:/st/stm32cubeide_1.8.0/stm32cubeide/plugins/com.st.stm32cube.ide.mcu.externaltools.gnu-tools-for-stm32.9-2020-q2-update.win32_2.0.0.202105311346/tools/bin/../lib/gcc/arm-none-eabi/9.3.1/../../../../arm-none-eabi/lib/thumb/v7e-m+fp/hard\libc.a
LOAD c:/st/stm32cubeide_1.8.0/stm32cubeide/plugins/com.st.stm32cube.ide.mcu.externaltools.gnu-tools-for-stm32.9-2020-q2-update.win32_2.0.0.202105311346/tools/bin/../lib/gcc/arm-none-eabi/9.3.1/../../../../arm-none-eabi/lib/thumb/v7e-m+fp/hard\libm.a
LOAD c:/st/stm32cubeide_1.8.0/stm32cubeide/plugins/com.st.stm32cube.ide.mcu.externaltools.gnu-tools-for-stm32.9-2020-q2-update.win32_2.0.0.202105311346/tools/bin/../lib/gcc/arm-none-eabi/9.3.1/thumb/v7e-m+fp/hard\libgcc.a

.debug_info     0x0000000000000000     0xcca2
 .debug_info    0x0000000000000000     0x1b78 ./Core/Src/main.o
 .debug_info    0x0000000000001b78      0xd55 ./Core/Src/stm32f4xx_hal_msp.o
 .debug_info    0x00000000000028cd      0x222 ./Core/Src/stm32f4xx_it.o
 .debug_info    0x0000000000002aef      0x5d0 ./Core/Src/system_stm32f4xx.o
 .debug_info    0x00000000000030bf       0x22 ./Core/Startup/startup_stm32f401retx.o
 .debug_info    0x00000000000030e1      0x93d ./Drivers/STM32F4xx_HAL_Driver/Src/stm32f4xx_hal.o
 .debug_info    0x0000000000003a1e      0xe41 ./Drivers/STM32F4xx_HAL_Driver/Src/stm32f4xx_hal_cortex.o
 .debug_info    0x000000000000485f      0x862 ./Drivers/STM32F4xx_HAL_Driver/Src/stm32f4xx_hal_gpio.o
 .debug_info    0x00000000000050c1      0x9bd ./Drivers/STM32F4xx_HAL_Driver/Src/stm32f4xx_hal_rcc.o
 .debug_info    0x0000000000005a7e     0x17b8 ./Drivers/STM32F4xx_HAL_Driver/Src/stm32f4xx_hal_spi.o
 .debug_info    0x0000000000007236     0x31d6 ./Drivers/STM32F4xx_HAL_Driver/Src/stm32f4xx_hal_uart.o
 .debug_info    0x000000000000a40c      0xe64 ./FATFS/App/fatfs.o
 .debug_info    0x000000000000b270      0xcf9 ./FATFS/Target/user_diskio.o
 .debug_info    0x000000000000bf69      0xd39 ./Middlewares/Third_Party/FatFs/src/ff_gen_drv.o

.debug_abbrev   0x0000000000000000     0x1c51
 .debug_abbrev  0x0000000000000000      0x2b3 ./Core/Src/main.o
 .debug_abbrev  0x00000000000002b3      0x1ac ./Core/Src/stm32f4xx_hal_msp.o
 .debug_abbrev  0x000000000000045f       0xd2 ./Core/Src/stm32f4xx_it.o
 .debug_abbrev  0x0000000000000531      0x145 ./Core/Src/system_stm32f4xx.o
 .debug_abbrev  0x0000000000000676       0x12 ./Core/Startup/startup_stm32f401retx.o
 .debug_abbrev  0x0000000000000688      0x21e ./Drivers/STM32F4xx_HAL_Driver/Src/stm32f4xx_hal.o
 .debug_abbrev  0x00000000000008a6      0x33c ./Drivers/STM32F4xx_HAL_Driver/Src/stm32f4xx_hal_cortex.o
 .debug_abbrev  0x0000000000000be2      0x1f1 ./Drivers/STM32F4xx_HAL_Driver/Src/stm32f4xx_hal_gpio.o
 .debug_abbrev  0x0000000000000dd3      0x275 ./Drivers/STM32F4xx_HAL_Driver/Src/stm32f4xx_hal_rcc.o
 .debug_abbrev  0x0000000000001048      0x26e ./Drivers/STM32F4xx_HAL_Driver/Src/stm32f4xx_hal_spi.o
 .debug_abbrev  0x00000000000012b6      0x2fc ./Drivers/STM32F4xx_HAL_Driver/Src/stm32f4xx_hal_uart.o
 .debug_abbrev  0x00000000000015b2      0x209 ./FATFS/App/fatfs.o
 .debug_abbrev  0x00000000000017bb      0x22e ./FATFS/Target/user_diskio.o
 .debug_abbrev  0x00000000000019e9      0x268 ./Middlewares/Third_Party/FatFs/src/ff_gen_drv.o

.debug_aranges  0x0000000000000000      0x898
 .debug_aranges
                0x0000000000000000       0x48 ./Core/Src/main.o
 .debug_aranges
                0x0000000000000048       0x40 ./Core/Src/stm32f4xx_hal_msp.o
 .debug_aranges
                0x0000000000000088       0x60 ./Core/Src/stm32f4xx_it.o
 .debug_aranges
                0x00000000000000e8       0x28 ./Core/Src/system_stm32f4xx.o
 .debug_aranges
                0x0000000000000110       0x28 ./Core/Startup/startup_stm32f401retx.o
 .debug_aranges
                0x0000000000000138       0xf0 ./Drivers/STM32F4xx_HAL_Driver/Src/stm32f4xx_hal.o
 .debug_aranges
                0x0000000000000228      0x118 ./Drivers/STM32F4xx_HAL_Driver/Src/stm32f4xx_hal_cortex.o
 .debug_aranges
                0x0000000000000340       0x58 ./Drivers/STM32F4xx_HAL_Driver/Src/stm32f4xx_hal_gpio.o
 .debug_aranges
                0x0000000000000398       0x88 ./Drivers/STM32F4xx_HAL_Driver/Src/stm32f4xx_hal_rcc.o
 .debug_aranges
                0x0000000000000420      0x1d0 ./Drivers/STM32F4xx_HAL_Driver/Src/stm32f4xx_hal_spi.o
 .debug_aranges
                0x00000000000005f0      0x200 ./Drivers/STM32F4xx_HAL_Driver/Src/stm32f4xx_hal_uart.o
 .debug_aranges
                0x00000000000007f0       0x28 ./FATFS/App/fatfs.o
 .debug_aranges
                0x0000000000000818       0x40 ./FATFS/Target/user_diskio.o
 .debug_aranges
                0x0000000000000858       0x40 ./Middlewares/Third_Party/FatFs/src/ff_gen_drv.o

.debug_ranges   0x0000000000000000      0x7f0
 .debug_ranges  0x0000000000000000       0x38 ./Core/Src/main.o
 .debug_ranges  0x0000000000000038       0x30 ./Core/Src/stm32f4xx_hal_msp.o
 .debug_ranges  0x0000000000000068       0x50 ./Core/Src/stm32f4xx_it.o
 .debug_ranges  0x00000000000000b8       0x18 ./Core/Src/system_stm32f4xx.o
 .debug_ranges  0x00000000000000d0       0x20 ./Core/Startup/startup_stm32f401retx.o
 .debug_ranges  0x00000000000000f0       0xe0 ./Drivers/STM32F4xx_HAL_Driver/Src/stm32f4xx_hal.o
 .debug_ranges  0x00000000000001d0      0x108 ./Drivers/STM32F4xx_HAL_Driver/Src/stm32f4xx_hal_cortex.o
 .debug_ranges  0x00000000000002d8       0x48 ./Drivers/STM32F4xx_HAL_Driver/Src/stm32f4xx_hal_gpio.o
 .debug_ranges  0x0000000000000320       0x78 ./Drivers/STM32F4xx_HAL_Driver/Src/stm32f4xx_hal_rcc.o
 .debug_ranges  0x0000000000000398      0x1c0 ./Drivers/STM32F4xx_HAL_Driver/Src/stm32f4xx_hal_spi.o
 .debug_ranges  0x0000000000000558      0x220 ./Drivers/STM32F4xx_HAL_Driver/Src/stm32f4xx_hal_uart.o
 .debug_ranges  0x0000000000000778       0x18 ./FATFS/App/fatfs.o
 .debug_ranges  0x0000000000000790       0x30 ./FATFS/Target/user_diskio.o
 .debug_ranges  0x00000000000007c0       0x30 ./Middlewares/Third_Party/FatFs/src/ff_gen_drv.o

.debug_macro    0x0000000000000000    0x161d4
 .debug_macro   0x0000000000000000      0x2f2 ./Core/Src/main.o
 .debug_macro   0x00000000000002f2      0xaa8 ./Core/Src/main.o
 .debug_macro   0x0000000000000d9a      0x29b ./Core/Src/main.o
 .debug_macro   0x0000000000001035       0x2e ./Core/Src/main.o
 .debug_macro   0x0000000000001063       0x28 ./Core/Src/main.o
 .debug_macro   0x000000000000108b       0x22 ./Core/Src/main.o
 .debug_macro   0x00000000000010ad       0x8e ./Core/Src/main.o
 .debug_macro   0x000000000000113b       0x51 ./Core/Src/main.o
 .debug_macro   0x000000000000118c      0x103 ./Core/Src/main.o
 .debug_macro   0x000000000000128f       0x6a ./Core/Src/main.o
 .debug_macro   0x00000000000012f9      0x1df ./Core/Src/main.o
 .debug_macro   0x00000000000014d8       0x1c ./Core/Src/main.o
 .debug_macro   0x00000000000014f4       0x22 ./Core/Src/main.o
 .debug_macro   0x0000000000001516       0xdf ./Core/Src/main.o
 .debug_macro   0x00000000000015f5     0x102d ./Core/Src/main.o
 .debug_macro   0x0000000000002622      0x11f ./Core/Src/main.o
 .debug_macro   0x0000000000002741     0xb86c ./Core/Src/main.o
 .debug_macro   0x000000000000dfad       0x6d ./Core/Src/main.o
 .debug_macro   0x000000000000e01a     0x3666 ./Core/Src/main.o
 .debug_macro   0x0000000000011680      0x174 ./Core/Src/main.o
 .debug_macro   0x00000000000117f4       0x5c ./Core/Src/main.o
 .debug_macro   0x0000000000011850      0x416 ./Core/Src/main.o
 .debug_macro   0x0000000000011c66      0x9fe ./Core/Src/main.o
 .debug_macro   0x0000000000012664      0x116 ./Core/Src/main.o
 .debug_macro   0x000000000001277a       0xf8 ./Core/Src/main.o
 .debug_macro   0x0000000000012872       0xa5 ./Core/Src/main.o
 .debug_macro   0x0000000000012917      0x15f ./Core/Src/main.o
 .debug_macro   0x0000000000012a76      0x287 ./Core/Src/main.o
 .debug_macro   0x0000000000012cfd       0x5f ./Core/Src/main.o
 .debug_macro   0x0000000000012d5c      0x236 ./Core/Src/main.o
 .debug_macro   0x0000000000012f92      0x132 ./Core/Src/main.o
 .debug_macro   0x00000000000130c4      0x264 ./Core/Src/main.o
 .debug_macro   0x0000000000013328       0x2e ./Core/Src/main.o
 .debug_macro   0x0000000000013356      0x11a ./Core/Src/main.o
 .debug_macro   0x0000000000013470       0x85 ./Core/Src/main.o
 .debug_macro   0x00000000000134f5       0x89 ./Core/Src/main.o
 .debug_macro   0x000000000001357e      0x225 ./Core/Src/main.o
 .debug_macro   0x00000000000137a3      0x295 ./Core/Src/main.o
 .debug_macro   0x0000000000013a38      0x126 ./Core/Src/main.o
 .debug_macro   0x0000000000013b5e       0x58 ./Core/Src/main.o
 .debug_macro   0x0000000000013bb6       0xeb ./Core/Src/main.o
 .debug_macro   0x0000000000013ca1       0x18 ./Core/Src/main.o
 .debug_macro   0x0000000000013cb9       0x52 ./Core/Src/main.o
 .debug_macro   0x0000000000013d0b       0x3c ./Core/Src/main.o
 .debug_macro   0x0000000000013d47       0x34 ./Core/Src/main.o
 .debug_macro   0x0000000000013d7b       0x16 ./Core/Src/main.o
 .debug_macro   0x0000000000013d91       0x35 ./Core/Src/main.o
 .debug_macro   0x0000000000013dc6       0x16 ./Core/Src/main.o
 .debug_macro   0x0000000000013ddc       0x43 ./Core/Src/main.o
 .debug_macro   0x0000000000013e1f       0x34 ./Core/Src/main.o
 .debug_macro   0x0000000000013e53       0x10 ./Core/Src/main.o
 .debug_macro   0x0000000000013e63       0x58 ./Core/Src/main.o
 .debug_macro   0x0000000000013ebb       0x71 ./Core/Src/main.o
 .debug_macro   0x0000000000013f2c       0x1c ./Core/Src/main.o
 .debug_macro   0x0000000000013f48      0x12a ./Core/Src/main.o
 .debug_macro   0x0000000000014072      0x333 ./Core/Src/main.o
 .debug_macro   0x00000000000143a5       0x16 ./Core/Src/main.o
 .debug_macro   0x00000000000143bb       0x29 ./Core/Src/main.o
 .debug_macro   0x00000000000143e4       0x12 ./Core/Src/main.o
 .debug_macro   0x00000000000143f6       0xe2 ./Core/Src/main.o
 .debug_macro   0x00000000000144d8       0x8e ./Core/Src/main.o
 .debug_macro   0x0000000000014566      0x1d3 ./Core/Src/stm32f4xx_hal_msp.o
 .debug_macro   0x0000000000014739      0x1dd ./Core/Src/stm32f4xx_it.o
 .debug_macro   0x0000000000014916      0x1c4 ./Core/Src/system_stm32f4xx.o
 .debug_macro   0x0000000000014ada      0x224 ./Drivers/STM32F4xx_HAL_Driver/Src/stm32f4xx_hal.o
 .debug_macro   0x0000000000014cfe      0x1c4 ./Drivers/STM32F4xx_HAL_Driver/Src/stm32f4xx_hal_cortex.o
 .debug_macro   0x0000000000014ec2      0x1ca ./Drivers/STM32F4xx_HAL_Driver/Src/stm32f4xx_hal_gpio.o
 .debug_macro   0x000000000001508c      0x1e8 ./Drivers/STM32F4xx_HAL_Driver/Src/stm32f4xx_hal_rcc.o
 .debug_macro   0x0000000000015274      0x1d3 ./Drivers/STM32F4xx_HAL_Driver/Src/stm32f4xx_hal_spi.o
 .debug_macro   0x0000000000015447      0x1c5 ./Drivers/STM32F4xx_HAL_Driver/Src/stm32f4xx_hal_uart.o
 .debug_macro   0x000000000001560c      0x2f8 ./FATFS/App/fatfs.o
 .debug_macro   0x0000000000015904       0xe5 ./FATFS/App/fatfs.o
 .debug_macro   0x00000000000159e9      0x315 ./FATFS/Target/user_diskio.o
 .debug_macro   0x0000000000015cfe       0x10 ./FATFS/Target/user_diskio.o
 .debug_macro   0x0000000000015d0e       0x20 ./FATFS/Target/user_diskio.o
 .debug_macro   0x0000000000015d2e       0x16 ./FATFS/Target/user_diskio.o
 .debug_macro   0x0000000000015d44       0x7c ./FATFS/Target/user_diskio.o
 .debug_macro   0x0000000000015dc0       0xd9 ./FATFS/Target/user_diskio.o
 .debug_macro   0x0000000000015e99       0x56 ./FATFS/Target/user_diskio.o
 .debug_macro   0x0000000000015eef      0x2e5 ./Middlewares/Third_Party/FatFs/src/ff_gen_drv.o

.debug_line     0x0000000000000000     0xaee5
 .debug_line    0x0000000000000000      0x9c1 ./Core/Src/main.o
 .debug_line    0x00000000000009c1      0x759 ./Core/Src/stm32f4xx_hal_msp.o
 .debug_line    0x000000000000111a      0x76f ./Core/Src/stm32f4xx_it.o
 .debug_line    0x0000000000001889      0x72e ./Core/Src/system_stm32f4xx.o
 .debug_line    0x0000000000001fb7       0x88 ./Core/Startup/startup_stm32f401retx.o
 .debug_line    0x000000000000203f      0x994 ./Drivers/STM32F4xx_HAL_Driver/Src/stm32f4xx_hal.o
 .debug_line    0x00000000000029d3      0xc43 ./Drivers/STM32F4xx_HAL_Driver/Src/stm32f4xx_hal_cortex.o
 .debug_line    0x0000000000003616      0xace ./Drivers/STM32F4xx_HAL_Driver/Src/stm32f4xx_hal_gpio.o
 .debug_line    0x00000000000040e4      0xd10 ./Drivers/STM32F4xx_HAL_Driver/Src/stm32f4xx_hal_rcc.o
 .debug_line    0x0000000000004df4     0x1c1c ./Drivers/STM32F4xx_HAL_Driver/Src/stm32f4xx_hal_spi.o
 .debug_line    0x0000000000006a10     0x2a1b ./Drivers/STM32F4xx_HAL_Driver/Src/stm32f4xx_hal_uart.o
 .debug_line    0x000000000000942b      0x89a ./FATFS/App/fatfs.o
 .debug_line    0x0000000000009cc5      0x8f9 ./FATFS/Target/user_diskio.o
 .debug_line    0x000000000000a5be      0x927 ./Middlewares/Third_Party/FatFs/src/ff_gen_drv.o

.debug_str      0x0000000000000000    0x863f4
 .debug_str     0x0000000000000000    0x8440f ./Core/Src/main.o
                                      0x847c0 (size before relaxing)
 .debug_str     0x000000000008440f       0x7d ./Core/Src/stm32f4xx_hal_msp.o
                                      0x80c1b (size before relaxing)
 .debug_str     0x000000000008448c       0xbd ./Core/Src/stm32f4xx_it.o
                                      0x8051f (size before relaxing)
 .debug_str     0x0000000000084549       0xaf ./Core/Src/system_stm32f4xx.o
                                      0x804ef (size before relaxing)
 .debug_str     0x00000000000845f8       0x36 ./Core/Startup/startup_stm32f401retx.o
                                         0x6f (size before relaxing)
 .debug_str     0x000000000008462e      0x905 ./Drivers/STM32F4xx_HAL_Driver/Src/stm32f4xx_hal.o
                                      0x80e6f (size before relaxing)
 .debug_str     0x0000000000084f33      0x399 ./Drivers/STM32F4xx_HAL_Driver/Src/stm32f4xx_hal_cortex.o
                                      0x80c4c (size before relaxing)
 .debug_str     0x00000000000852cc      0x15f ./Drivers/STM32F4xx_HAL_Driver/Src/stm32f4xx_hal_gpio.o
                                      0x80696 (size before relaxing)
 .debug_str     0x000000000008542b      0x259 ./Drivers/STM32F4xx_HAL_Driver/Src/stm32f4xx_hal_rcc.o
                                      0x808f1 (size before relaxing)
 .debug_str     0x0000000000085684      0x57f ./Drivers/STM32F4xx_HAL_Driver/Src/stm32f4xx_hal_spi.o
                                      0x80d81 (size before relaxing)
 .debug_str     0x0000000000085c03      0x5fb ./Drivers/STM32F4xx_HAL_Driver/Src/stm32f4xx_hal_uart.o
                                      0x80e65 (size before relaxing)
 .debug_str     0x00000000000861fe       0x2f ./FATFS/App/fatfs.o
                                      0x83ed5 (size before relaxing)
 .debug_str     0x000000000008622d       0xfc ./FATFS/Target/user_diskio.o
                                      0x83e74 (size before relaxing)
 .debug_str     0x0000000000086329       0xcb ./Middlewares/Third_Party/FatFs/src/ff_gen_drv.o
                                      0x83e46 (size before relaxing)

.comment        0x0000000000000000       0x53
 .comment       0x0000000000000000       0x53 ./Core/Src/main.o
                                         0x54 (size before relaxing)
 .comment       0x0000000000000053       0x54 ./Core/Src/stm32f4xx_hal_msp.o
 .comment       0x0000000000000053       0x54 ./Core/Src/stm32f4xx_it.o
 .comment       0x0000000000000053       0x54 ./Core/Src/system_stm32f4xx.o
 .comment       0x0000000000000053       0x54 ./Drivers/STM32F4xx_HAL_Driver/Src/stm32f4xx_hal.o
 .comment       0x0000000000000053       0x54 ./Drivers/STM32F4xx_HAL_Driver/Src/stm32f4xx_hal_cortex.o
 .comment       0x0000000000000053       0x54 ./Drivers/STM32F4xx_HAL_Driver/Src/stm32f4xx_hal_gpio.o
 .comment       0x0000000000000053       0x54 ./Drivers/STM32F4xx_HAL_Driver/Src/stm32f4xx_hal_rcc.o
 .comment       0x0000000000000053       0x54 ./Drivers/STM32F4xx_HAL_Driver/Src/stm32f4xx_hal_spi.o
 .comment       0x0000000000000053       0x54 ./Drivers/STM32F4xx_HAL_Driver/Src/stm32f4xx_hal_uart.o
 .comment       0x0000000000000053       0x54 ./FATFS/App/fatfs.o
 .comment       0x0000000000000053       0x54 ./FATFS/Target/user_diskio.o
 .comment       0x0000000000000053       0x54 ./Middlewares/Third_Party/FatFs/src/ff_gen_drv.o

.debug_frame    0x0000000000000000     0x2214
 .debug_frame   0x0000000000000000       0xc4 ./Core/Src/main.o
 .debug_frame   0x00000000000000c4       0xc4 ./Core/Src/stm32f4xx_hal_msp.o
 .debug_frame   0x0000000000000188      0x104 ./Core/Src/stm32f4xx_it.o
 .debug_frame   0x000000000000028c       0x58 ./Core/Src/system_stm32f4xx.o
 .debug_frame   0x00000000000002e4      0x374 ./Drivers/STM32F4xx_HAL_Driver/Src/stm32f4xx_hal.o
 .debug_frame   0x0000000000000658      0x498 ./Drivers/STM32F4xx_HAL_Driver/Src/stm32f4xx_hal_cortex.o
 .debug_frame   0x0000000000000af0      0x14c ./Drivers/STM32F4xx_HAL_Driver/Src/stm32f4xx_hal_gpio.o
 .debug_frame   0x0000000000000c3c      0x1f0 ./Drivers/STM32F4xx_HAL_Driver/Src/stm32f4xx_hal_rcc.o
 .debug_frame   0x0000000000000e2c      0x824 ./Drivers/STM32F4xx_HAL_Driver/Src/stm32f4xx_hal_spi.o
 .debug_frame   0x0000000000001650      0x92c ./Drivers/STM32F4xx_HAL_Driver/Src/stm32f4xx_hal_uart.o
 .debug_frame   0x0000000000001f7c       0x4c ./FATFS/App/fatfs.o
 .debug_frame   0x0000000000001fc8       0xd8 ./FATFS/Target/user_diskio.o
 .debug_frame   0x00000000000020a0       0xc8 ./Middlewares/Third_Party/FatFs/src/ff_gen_drv.o
 .debug_frame   0x0000000000002168       0x2c c:/st/stm32cubeide_1.8.0/stm32cubeide/plugins/com.st.stm32cube.ide.mcu.externaltools.gnu-tools-for-stm32.9-2020-q2-update.win32_2.0.0.202105311346/tools/bin/../lib/gcc/arm-none-eabi/9.3.1/../../../../arm-none-eabi/lib/thumb/v7e-m+fp/hard\libc_nano.a(lib_a-init.o)
 .debug_frame   0x0000000000002194       0x20 c:/st/stm32cubeide_1.8.0/stm32cubeide/plugins/com.st.stm32cube.ide.mcu.externaltools.gnu-tools-for-stm32.9-2020-q2-update.win32_2.0.0.202105311346/tools/bin/../lib/gcc/arm-none-eabi/9.3.1/../../../../arm-none-eabi/lib/thumb/v7e-m+fp/hard\libc_nano.a(lib_a-memset.o)
 .debug_frame   0x00000000000021b4       0x2c c:/st/stm32cubeide_1.8.0/stm32cubeide/plugins/com.st.stm32cube.ide.mcu.externaltools.gnu-tools-for-stm32.9-2020-q2-update.win32_2.0.0.202105311346/tools/bin/../lib/gcc/arm-none-eabi/9.3.1/thumb/v7e-m+fp/hard\libgcc.a(_aeabi_uldivmod.o)
 .debug_frame   0x00000000000021e0       0x34 c:/st/stm32cubeide_1.8.0/stm32cubeide/plugins/com.st.stm32cube.ide.mcu.externaltools.gnu-tools-for-stm32.9-2020-q2-update.win32_2.0.0.202105311346/tools/bin/../lib/gcc/arm-none-eabi/9.3.1/thumb/v7e-m+fp/hard\libgcc.a(_udivmoddi4.o)
